HIGHGUI ERROR: V4L/V4L2: VIDIOC_S_CROP
HIGHGUI ERROR: V4L/V4L2: VIDIOC_S_CROP
HIGHGUI ERROR: V4L: setting property #5 is not supported
<<< 1 <<<
   HABITUATION MONITOR: (isHABI MPU) 0 0 0 0 0 0 ||| 0 0
   HABITUATION MONITOR: 1 [LEARNING] Foobar0 0x27a5fc0 bogocertainty of convergence: -100 %
1    #MPUs: 1 Observation (MPU): Foobar0 0x27a5fc0
>>> 1 >>>
<<< 2 <<<
   HABITUATION MONITOR: (isHABI MPU) 0 0 0 0 0 0 ||| 0 0
   HABITUATION MONITOR: 2 [LEARNING] Foobar0 0x27a5fc0 bogocertainty of convergence: -100 %
2    #MPUs: 1 Observation (MPU): Foobar0 0x27a5fc0
>>> 2 >>>
<<< 3 <<<
   HABITUATION MONITOR: (isHABI MPU) 0 0 0 0 0 0 ||| 0 0
   HABITUATION MONITOR: 3 [LEARNING] Foobar0 0x27a5fc0 bogocertainty of convergence: -100 %
3    #MPUs: 1 Observation (MPU): Foobar0 0x27a5fc0
>>> 3 >>>
<<< 4 <<<
   HABITUATION MONITOR: (isHABI MPU) 0 0 0 0 0 0 ||| 0 0
   HABITUATION MONITOR: 4 [LEARNING] Foobar0 0x27a5fc0 bogocertainty of convergence: -100 %
4    #MPUs: 1 Observation (MPU): Foobar0 0x27a5fc0
>>> 4 >>>
<<< 5 <<<
   HABITUATION MONITOR: (isHABI MPU) 4083 157 1361 52 -105 -2722 ||| 0 157
   HABITUATION MONITOR: 5 [LEARNING] Foobar0 0x27a5fc0 bogocertainty of convergence: -100 %
5    #MPUs: 1 Observation (MPU): Foobar0 0x27a5fc0
>>> 5 >>>
<<< 6 <<<
   HABITUATION MONITOR: (isHABI MPU) 4083 157 2722 104 -53 -1361 ||| 0 314
   HABITUATION MONITOR: 6 [LEARNING] Foobar0 0x27a5fc0 bogocertainty of convergence: -100 %
6    #MPUs: 1 Observation (MPU): Foobar0 0x27a5fc0
>>> 6 >>>
<<< 7 <<<
   HABITUATION MONITOR: (isHABI MPU) 4225 42 4130 118 76 -95 ||| 0 356
   HABITUATION MONITOR: 7 [LEARNING] Foobar0 0x27a5fc0 bogocertainty of convergence: -100 %
7    #MPUs: 1 Observation (MPU): Foobar0 0x27a5fc0
>>> 7 >>>
<<< 8 <<<
   HABITUATION MONITOR: (isHABI MPU) 4225 42 4177 80 38 -48 ||| 0 241
   HABITUATION MONITOR: 8 [LEARNING] Foobar0 0x27a5fc0 bogocertainty of convergence: 0 %
8    #MPUs: 1 Observation (MPU): Foobar0 0x27a5fc0
>>> 8 >>>
<<< 9 <<<
   HABITUATION MONITOR: (isHABI MPU) 4225 42 4225 42 0 0 ||| 0 126
   HABITUATION MONITOR: 9 [LEARNING] Foobar0 0x27a5fc0 bogocertainty of convergence: -100 %
9    #MPUs: 1 Observation (MPU): Foobar0 0x27a5fc0
>>> 9 >>>
<<< 10 <<<
   HABITUATION MONITOR: (isHABI MPU) 4096 54 4182 46 -8 86 ||| 0 138
   HABITUATION MONITOR: 10 [LEARNING] Foobar0 0x27a5fc0 bogocertainty of convergence: -100 %
10    #MPUs: 1 Observation (MPU): Foobar0 0x27a5fc0
>>> 10 >>>
<<< 11 <<<
   HABITUATION MONITOR: (isHABI MPU) 4096 54 4139 50 -4 43 ||| 0 150
   HABITUATION MONITOR: 11 [LEARNING] Foobar0 0x27a5fc0 bogocertainty of convergence: -100 %
11    #MPUs: 1 Observation (MPU): Foobar0 0x27a5fc0
>>> 11 >>>
<<< 12 <<<
   HABITUATION MONITOR: (isHABI MPU) 3979 59 4057 55 -4 78 ||| 0 167
   HABITUATION MONITOR: 12 [LEARNING] Foobar0 0x27a5fc0 bogocertainty of convergence: -100 %
12    #MPUs: 1 Observation (MPU): Foobar0 0x27a5fc0
>>> 12 >>>
<<< 13 <<<
   HABITUATION MONITOR: (isHABI MPU) 4096 52 4057 55 3 -39 ||| 0 165
   HABITUATION MONITOR: 13 [LEARNING] Foobar0 0x27a5fc0 bogocertainty of convergence: -100 %
13    #MPUs: 1 Observation (MPU): Foobar0 0x27a5fc0
>>> 13 >>>
<<< 14 <<<
   HABITUATION MONITOR: (isHABI MPU) 4096 52 4057 54 2 -39 ||| 0 163
   HABITUATION MONITOR: 14 [LEARNING] Foobar0 0x27a5fc0 bogocertainty of convergence: -100 %
14    #MPUs: 1 Observation (MPU): Foobar0 0x27a5fc0
>>> 14 >>>
<<< 15 <<<
   HABITUATION MONITOR: (isHABI MPU) 4356 152 4182 85 -67 -174 ||| 256 256
   HABITUATION MONITOR: 15 [LEARNING] Foobar0 0x27a5fc0 bogocertainty of convergence: -100 %
15    #MPUs: 1 Observation (MPU): Foobar0 0x27a5fc0
>>> 15 >>>
<<< 16 <<<
   HABITUATION MONITOR: (isHABI MPU) 4356 152 4269 118 -34 -87 ||| 256 356
   HABITUATION MONITOR: 16 [LEARNING] Foobar0 0x27a5fc0 bogocertainty of convergence: 0 %
16    #MPUs: 1 Observation (MPU): Foobar0 0x27a5fc0
>>> 16 >>>
<<< 17 <<<
   HABITUATION MONITOR: (isHABI MPU) 4244 145 4318 149 4 74 ||| 256 449
   HABITUATION MONITOR: 17 [LEARNING] Foobar0 0x27a5fc0 bogocertainty of convergence: -100 %
17    #MPUs: 1 Observation (MPU): Foobar0 0x27a5fc0
>>> 17 >>>
<<< 18 <<<
   HABITUATION MONITOR: (isHABI MPU) 4225 115 4275 137 22 50 ||| 256 412
   HABITUATION MONITOR: 18 [LEARNING] Foobar0 0x27a5fc0 bogocertainty of convergence: -100 %
18    #MPUs: 1 Observation (MPU): Foobar0 0x27a5fc0
>>> 18 >>>
<<< 19 <<<
